#-----------------------------------------------------------
# Vivado v2019.1 (64-bit)
# SW Build 2552052 on Fri May 24 14:49:42 MDT 2019
# IP Build 2548770 on Fri May 24 18:01:18 MDT 2019
# Start of session at: Mon Sep 16 22:05:24 2019
# Process ID: 7408
# Current directory: C:/Repos/robots/CMOD_A7/I2C QuadratureDecoder
# Command line: vivado.exe -gui_launcher_event rodinguilauncherevent14552 C:\Repos\robots\CMOD_A7\I2C QuadratureDecoder\I2C QuadratureDecoder.xpr
# Log file: C:/Repos/robots/CMOD_A7/I2C QuadratureDecoder/vivado.log
# Journal file: C:/Repos/robots/CMOD_A7/I2C QuadratureDecoder\vivado.jou
#----------------------------------------------------------ststart_guopopen_project {C:/Repos/robots/CMOD_A7/I2C QuadratureDecoder/I2C QuadratureDecoder.xprupupdate_compile_order -fileset sources_open_hw
close_hw
reset_run synth_1
launch_runs synth_1 -jobs 2
wait_on_run synth_1
open_run synth_1 -name synth_1
create_debug_core u_ila_0 ila
set_property C_DATA_DEPTH 1024 [get_debug_cores u_ila_0]
set_property C_TRIGIN_EN false [get_debug_cores u_ila_0]
set_property C_TRIGOUT_EN false [get_debug_cores u_ila_0]
set_property C_ADV_TRIGGER false [get_debug_cores u_ila_0]
set_property C_INPUT_PIPE_STAGES 0 [get_debug_cores u_ila_0]
set_property C_EN_STRG_QUAL false [get_debug_cores u_ila_0]
set_property ALL_PROBE_SAME_MU true [get_debug_cores u_ila_0]
set_property ALL_PROBE_SAME_MU_CNT 1 [get_debug_cores u_ila_0]
connect_debug_port u_ila_0/clk [get_nets [list scl_IBUF_BUFG ]]
set_property port_width 4 [get_debug_ports u_ila_0/probe0]
set_property PROBE_TYPE DATA_AND_TRIGGER [get_debug_ports u_ila_0/probe0]
connect_debug_port u_ila_0/probe0 [get_nets [list {i2c/sm_state[0]} {i2c/sm_state[1]} {i2c/sm_state[3]} {i2c/sm_state[4]} ]]
create_debug_port u_ila_0 probe
set_property port_width 1 [get_debug_ports u_ila_0/probe1]
set_property PROBE_TYPE DATA_AND_TRIGGER [get_debug_ports u_ila_0/probe1]
connect_debug_port u_ila_0/probe1 [get_nets [list sda_IBUF ]]
create_debug_port u_ila_0 probe
set_property port_width 1 [get_debug_ports u_ila_0/probe2]
set_property PROBE_TYPE DATA_AND_TRIGGER [get_debug_ports u_ila_0/probe2]
connect_debug_port u_ila_0/probe2 [get_nets [list scl_IBUF ]]
create_debug_port u_ila_0 probe
set_property port_width 1 [get_debug_ports u_ila_0/probe3]
set_property PROBE_TYPE DATA_AND_TRIGGER [get_debug_ports u_ila_0/probe3]
connect_debug_port u_ila_0/probe3 [get_nets [list start ]]
create_debug_port u_ila_0 probe
set_property port_width 1 [get_debug_ports u_ila_0/probe4]
set_property PROBE_TYPE DATA_AND_TRIGGER [get_debug_ports u_ila_0/probe4]
connect_debug_port u_ila_0/probe4 [get_nets [list XRESET_IBUF ]]
create_debug_port u_ila_0 probe
set_property port_width 1 [get_debug_ports u_ila_0/probe5]
set_property PROBE_TYPE DATA_AND_TRIGGER [get_debug_ports u_ila_0/probe5]
connect_debug_port u_ila_0/probe5 [get_nets [list q1_n_0 ]]
set_property PROBE_TYPE DATA_AND_TRIGGER [get_debug_ports u_ila_0/probe2]
save_constraints
launch_runs impl_1 -jobs 2
wait_on_run impl_1
launch_runs impl_1 -to_step write_bitstream -jobs 2
wait_on_run impl_1
open_hw
connect_hw_server
open_hw_target
set_property PROGRAM.FILE {C:/Repos/robots/CMOD_A7/I2C QuadratureDecoder/I2C QuadratureDecoder.runs/impl_1/i2c_quad_decode.bit} [get_hw_devices xc7a35t_0]
set_property PROBES.FILE {C:/Repos/robots/CMOD_A7/I2C QuadratureDecoder/I2C QuadratureDecoder.runs/impl_1/i2c_quad_decode.ltx} [get_hw_devices xc7a35t_0]
set_property FULL_PROBES.FILE {C:/Repos/robots/CMOD_A7/I2C QuadratureDecoder/I2C QuadratureDecoder.runs/impl_1/i2c_quad_decode.ltx} [get_hw_devices xc7a35t_0]
current_hw_device [get_hw_devices xc7a35t_0]
refresh_hw_device [lindex [get_hw_devices xc7a35t_0] 0]
create_hw_cfgmem -hw_device [get_hw_devices xc7a35t_0] -mem_dev [lindex [get_cfgmem_parts {n25q32-3.3v-spi-x1_x2_x4}] 0]
set_property PROBES.FILE {C:/Repos/robots/CMOD_A7/I2C QuadratureDecoder/I2C QuadratureDecoder.runs/impl_1/i2c_quad_decode.ltx} [get_hw_devices xc7a35t_0]
set_property FULL_PROBES.FILE {C:/Repos/robots/CMOD_A7/I2C QuadratureDecoder/I2C QuadratureDecoder.runs/impl_1/i2c_quad_decode.ltx} [get_hw_devices xc7a35t_0]
set_property PROGRAM.FILE {C:/Repos/robots/CMOD_A7/I2C QuadratureDecoder/I2C QuadratureDecoder.runs/impl_1/i2c_quad_decode.bit} [get_hw_devices xc7a35t_0]
program_hw_devices [get_hw_devices xc7a35t_0]
refresh_hw_device [lindex [get_hw_devices xc7a35t_0] 0]
close_hw
open_hw
connect_hw_server
open_hw_target
set_property PROGRAM.FILE {C:/Repos/robots/CMOD_A7/I2C QuadratureDecoder/I2C QuadratureDecoder.runs/impl_1/i2c_quad_decode.bit} [get_hw_devices xc7a35t_0]
set_property PROBES.FILE {C:/Repos/robots/CMOD_A7/I2C QuadratureDecoder/I2C QuadratureDecoder.runs/impl_1/i2c_quad_decode.ltx} [get_hw_devices xc7a35t_0]
set_property FULL_PROBES.FILE {C:/Repos/robots/CMOD_A7/I2C QuadratureDecoder/I2C QuadratureDecoder.runs/impl_1/i2c_quad_decode.ltx} [get_hw_devices xc7a35t_0]
current_hw_device [get_hw_devices xc7a35t_0]
refresh_hw_device [lindex [get_hw_devices xc7a35t_0] 0]
create_hw_cfgmem -hw_device [get_hw_devices xc7a35t_0] -mem_dev [lindex [get_cfgmem_parts {n25q32-3.3v-spi-x1_x2_x4}] 0]
set_property PROBES.FILE {C:/Repos/robots/CMOD_A7/I2C QuadratureDecoder/I2C QuadratureDecoder.runs/impl_1/i2c_quad_decode.ltx} [get_hw_devices xc7a35t_0]
set_property FULL_PROBES.FILE {C:/Repos/robots/CMOD_A7/I2C QuadratureDecoder/I2C QuadratureDecoder.runs/impl_1/i2c_quad_decode.ltx} [get_hw_devices xc7a35t_0]
set_property PROGRAM.FILE {C:/Repos/robots/CMOD_A7/I2C QuadratureDecoder/I2C QuadratureDecoder.runs/impl_1/i2c_quad_decode.bit} [get_hw_devices xc7a35t_0]
program_hw_devices [get_hw_devices xc7a35t_0]
refresh_hw_device [lindex [get_hw_devices xc7a35t_0] 0]
refresh_hw_device [lindex [get_hw_devices xc7a35t_0] 0]
set_property PROGRAM.ADDRESS_RANGE  {entire_device} [ get_property PROGRAM.HW_CFGMEM [lindex [get_hw_devices xc7a35t_0] 0]]
set_property PROGRAM.FILES [list "C:/Repos/robots/CMOD_A7/I2C QuadratureDecoder/I2C QuadratureDecoder.runs/impl_1/i2c_quad_decode.bin" ] [ get_property PROGRAM.HW_CFGMEM [lindex [get_hw_devices xc7a35t_0] 0]]
set_property PROGRAM.PRM_FILE {} [ get_property PROGRAM.HW_CFGMEM [lindex [get_hw_devices xc7a35t_0] 0]]
set_property PROGRAM.UNUSED_PIN_TERMINATION {pull-none} [ get_property PROGRAM.HW_CFGMEM [lindex [get_hw_devices xc7a35t_0] 0]]
set_property PROGRAM.BLANK_CHECK  0 [ get_property PROGRAM.HW_CFGMEM [lindex [get_hw_devices xc7a35t_0] 0]]
set_property PROGRAM.ERASE  1 [ get_property PROGRAM.HW_CFGMEM [lindex [get_hw_devices xc7a35t_0] 0]]
set_property PROGRAM.CFG_PROGRAM  0 [ get_property PROGRAM.HW_CFGMEM [lindex [get_hw_devices xc7a35t_0] 0]]
set_property PROGRAM.VERIFY  0 [ get_property PROGRAM.HW_CFGMEM [lindex [get_hw_devices xc7a35t_0] 0]]
set_property PROGRAM.CHECKSUM  0 [ get_property PROGRAM.HW_CFGMEM [lindex [get_hw_devices xc7a35t_0] 0]]
startgroup 
create_hw_bitstream -hw_device [lindex [get_hw_devices xc7a35t_0] 0] [get_property PROGRAM.HW_CFGMEM_BITFILE [ lindex [get_hw_devices xc7a35t_0] 0]]; program_hw_devices [lindex [get_hw_devices xc7a35t_0] 0]; refresh_hw_device [lindex [get_hw_devices xc7a35t_0] 0];
program_hw_cfgmem -hw_cfgmem [ get_property PROGRAM.HW_CFGMEM [lindex [get_hw_devices xc7a35t_0] 0]]
endgroup
set_property PROBES.FILE {C:/Repos/robots/CMOD_A7/I2C QuadratureDecoder/I2C QuadratureDecoder.runs/impl_1/i2c_quad_decode.ltx} [get_hw_devices xc7a35t_0]
set_property FULL_PROBES.FILE {C:/Repos/robots/CMOD_A7/I2C QuadratureDecoder/I2C QuadratureDecoder.runs/impl_1/i2c_quad_decode.ltx} [get_hw_devices xc7a35t_0]
set_property PROGRAM.FILE {C:/Repos/robots/CMOD_A7/I2C QuadratureDecoder/I2C QuadratureDecoder.runs/impl_1/i2c_quad_decode.bit} [get_hw_devices xc7a35t_0]
program_hw_devices [get_hw_devices xc7a35t_0]
refresh_hw_device [lindex [get_hw_devices xc7a35t_0] 0]
open_run impl_1
reset_run synth_1
launch_runs synth_1 -jobs 2
wait_on_run synth_1
close_design
close_design
open_run synth_1 -name synth_1
launch_runs impl_1 -jobs 2
wait_on_run impl_1
close_design
open_run impl_1
set_max_delay -from [get_ports scl] -to [get_pins {u_ila_0/inst/ila_core_inst/u_trig/U_TM/N_DDR_MODE.G_NMU[2].U_M/allx_typeA_match_detection.ltlib_v1_0_0_allx_typeA_inst/probeDelay1_reg[0]/D}] 2.0
set_max_delay -from [get_ports scl] -to [get_pins {u_ila_0/inst/ila_core_inst/u_trig/U_TM/N_DDR_MODE.G_NMU[2].U_M/allx_typeA_match_detection.ltlib_v1_0_0_allx_typeA_inst/probeDelay1_reg[0]/D}] 2000000.0
set_max_delay -from [get_ports scl] -to [get_pins i2c/stop_reg/D] 500000.0
save_constraints
reset_run synth_1
reset_run impl_1
launch_runs impl_1 -jobs 2
wait_on_run impl_1
refresh_design
set_max_delay -from [get_ports scl] -to [get_pins {u_ila_0/inst/ila_core_inst/u_trig/U_TM/N_DDR_MODE.G_NMU[2].U_M/allx_typeA_match_detection.ltlib_v1_0_0_allx_typeA_inst/probeDelay1_reg[0]/D}] 400000.0
reset_run synth_1
save_constraints -force
launch_runs impl_1 -jobs 2
wait_on_run impl_1
refresh_design
reset_run synth_1
launch_runs synth_1 -jobs 2
wait_on_run synth_1
close_design
launch_runs impl_1 -jobs 2
wait_on_run impl_1
open_run impl_1
launch_runs impl_1 -to_step write_bitstream -jobs 2
wait_on_run impl_1
close_design
set_property PROBES.FILE {C:/Repos/robots/CMOD_A7/I2C QuadratureDecoder/I2C QuadratureDecoder.runs/impl_1/i2c_quad_decode.ltx} [get_hw_devices xc7a35t_0]
set_property FULL_PROBES.FILE {C:/Repos/robots/CMOD_A7/I2C QuadratureDecoder/I2C QuadratureDecoder.runs/impl_1/i2c_quad_decode.ltx} [get_hw_devices xc7a35t_0]
set_property PROGRAM.FILE {C:/Repos/robots/CMOD_A7/I2C QuadratureDecoder/I2C QuadratureDecoder.runs/impl_1/i2c_quad_decode.bit} [get_hw_devices xc7a35t_0]
program_hw_devices [get_hw_devices xc7a35t_0]
refresh_hw_device [lindex [get_hw_devices xc7a35t_0] 0]
close_hw
reset_run synth_1
launch_runs synth_1 -jobs 2
wait_on_run synth_1
launch_runs impl_1 -jobs 2
wait_on_run impl_1
open_run impl_1
launch_runs impl_1 -to_step write_bitstream -jobs 2
wait_on_run impl_1
open_hw
connect_hw_server
open_hw_target
set_property PROGRAM.FILE {C:/Repos/robots/CMOD_A7/I2C QuadratureDecoder/I2C QuadratureDecoder.runs/impl_1/i2c_quad_decode.bit} [get_hw_devices xc7a35t_0]
set_property PROBES.FILE {C:/Repos/robots/CMOD_A7/I2C QuadratureDecoder/I2C QuadratureDecoder.runs/impl_1/i2c_quad_decode.ltx} [get_hw_devices xc7a35t_0]
set_property FULL_PROBES.FILE {C:/Repos/robots/CMOD_A7/I2C QuadratureDecoder/I2C QuadratureDecoder.runs/impl_1/i2c_quad_decode.ltx} [get_hw_devices xc7a35t_0]
current_hw_device [get_hw_devices xc7a35t_0]
refresh_hw_device [lindex [get_hw_devices xc7a35t_0] 0]
create_hw_cfgmem -hw_device [get_hw_devices xc7a35t_0] -mem_dev [lindex [get_cfgmem_parts {n25q32-3.3v-spi-x1_x2_x4}] 0]
set_property PROBES.FILE {C:/Repos/robots/CMOD_A7/I2C QuadratureDecoder/I2C QuadratureDecoder.runs/impl_1/i2c_quad_decode.ltx} [get_hw_devices xc7a35t_0]
set_property FULL_PROBES.FILE {C:/Repos/robots/CMOD_A7/I2C QuadratureDecoder/I2C QuadratureDecoder.runs/impl_1/i2c_quad_decode.ltx} [get_hw_devices xc7a35t_0]
set_property PROGRAM.FILE {C:/Repos/robots/CMOD_A7/I2C QuadratureDecoder/I2C QuadratureDecoder.runs/impl_1/i2c_quad_decode.bit} [get_hw_devices xc7a35t_0]
program_hw_devices [get_hw_devices xc7a35t_0]
refresh_hw_device [lindex [get_hw_devices xc7a35t_0] 0]
display_hw_ila_data [ get_hw_ila_data hw_ila_data_1 -of_objects [get_hw_ilas -of_objects [get_hw_devices xc7a35t_0] -filter {CELL_NAME=~"u_ila_0"}]]
run_hw_ila [get_hw_ilas -of_objects [get_hw_devices xc7a35t_0] -filter {CELL_NAME=~"u_ila_0"}]
run_hw_ila [get_hw_ilas -of_objects [get_hw_devices xc7a35t_0] -filter {CELL_NAME=~"u_ila_0"}] -trigger_now
run_hw_ila [get_hw_ilas -of_objects [get_hw_devices xc7a35t_0] -filter {CELL_NAME=~"u_ila_0"}]
set_property TRIGGER_COMPARE_VALUE eq1'b0 [get_hw_probes scl_IBUF -of_objects [get_hw_ilas -of_objects [get_hw_devices xc7a35t_0] -filter {CELL_NAME=~"u_ila_0"}]]
run_hw_ila [get_hw_ilas -of_objects [get_hw_devices xc7a35t_0] -filter {CELL_NAME=~"u_ila_0"}]
run_hw_ila [get_hw_ilas -of_objects [get_hw_devices xc7a35t_0] -filter {CELL_NAME=~"u_ila_0"}]
run_hw_ila [get_hw_ilas -of_objects [get_hw_devices xc7a35t_0] -filter {CELL_NAME=~"u_ila_0"}]
run_hw_ila [get_hw_ilas -of_objects [get_hw_devices xc7a35t_0] -filter {CELL_NAME=~"u_ila_0"}]
run_hw_ila [get_hw_ilas -of_objects [get_hw_devices xc7a35t_0] -filter {CELL_NAME=~"u_ila_0"}]
run_hw_ila [get_hw_ilas -of_objects [get_hw_devices xc7a35t_0] -filter {CELL_NAME=~"u_ila_0"}]
run_hw_ila [get_hw_ilas -of_objects [get_hw_devices xc7a35t_0] -filter {CELL_NAME=~"u_ila_0"}] -trigger_now
run_hw_ila [get_hw_ilas -of_objects [get_hw_devices xc7a35t_0] -filter {CELL_NAME=~"u_ila_0"}]
run_hw_ila [get_hw_ilas -of_objects [get_hw_devices xc7a35t_0] -filter {CELL_NAME=~"u_ila_0"}]
run_hw_ila [get_hw_ilas -of_objects [get_hw_devices xc7a35t_0] -filter {CELL_NAME=~"u_ila_0"}]
set_property TRIGGER_COMPARE_VALUE eq1'bX [get_hw_probes scl_IBUF -of_objects [get_hw_ilas -of_objects [get_hw_devices xc7a35t_0] -filter {CELL_NAME=~"u_ila_0"}]]
set_property TRIGGER_COMPARE_VALUE eq1'b1 [get_hw_probes XRESET_IBUF -of_objects [get_hw_ilas -of_objects [get_hw_devices xc7a35t_0] -filter {CELL_NAME=~"u_ila_0"}]]
run_hw_ila [get_hw_ilas -of_objects [get_hw_devices xc7a35t_0] -filter {CELL_NAME=~"u_ila_0"}]
run_hw_ila [get_hw_ilas -of_objects [get_hw_devices xc7a35t_0] -filter {CELL_NAME=~"u_ila_0"}]
set_property TRIGGER_COMPARE_VALUE eq1'b0 [get_hw_probes XRESET_IBUF -of_objects [get_hw_ilas -of_objects [get_hw_devices xc7a35t_0] -filter {CELL_NAME=~"u_ila_0"}]]
run_hw_ila [get_hw_ilas -of_objects [get_hw_devices xc7a35t_0] -filter {CELL_NAME=~"u_ila_0"}]
run_hw_ila [get_hw_ilas -of_objects [get_hw_devices xc7a35t_0] -filter {CELL_NAME=~"u_ila_0"}]
run_hw_ila [get_hw_ilas -of_objects [get_hw_devices xc7a35t_0] -filter {CELL_NAME=~"u_ila_0"}] -trigger_now
run_hw_ila [get_hw_ilas -of_objects [get_hw_devices xc7a35t_0] -filter {CELL_NAME=~"u_ila_0"}] -trigger_now
set_property TRIGGER_COMPARE_VALUE eq1'bN [get_hw_probes XRESET_IBUF -of_objects [get_hw_ilas -of_objects [get_hw_devices xc7a35t_0] -filter {CELL_NAME=~"u_ila_0"}]]
run_hw_ila [get_hw_ilas -of_objects [get_hw_devices xc7a35t_0] -filter {CELL_NAME=~"u_ila_0"}]
run_hw_ila [get_hw_ilas -of_objects [get_hw_devices xc7a35t_0] -filter {CELL_NAME=~"u_ila_0"}]
run_hw_ila [get_hw_ilas -of_objects [get_hw_devices xc7a35t_0] -filter {CELL_NAME=~"u_ila_0"}] -trigger_now
run_hw_ila [get_hw_ilas -of_objects [get_hw_devices xc7a35t_0] -filter {CELL_NAME=~"u_ila_0"}] -trigger_now
run_hw_ila [get_hw_ilas -of_objects [get_hw_devices xc7a35t_0] -filter {CELL_NAME=~"u_ila_0"}] -trigger_now
run_hw_ila [get_hw_ilas -of_objects [get_hw_devices xc7a35t_0] -filter {CELL_NAME=~"u_ila_0"}] -trigger_now
run_hw_ila [get_hw_ilas -of_objects [get_hw_devices xc7a35t_0] -filter {CELL_NAME=~"u_ila_0"}] -trigger_now
run_hw_ila [get_hw_ilas -of_objects [get_hw_devices xc7a35t_0] -filter {CELL_NAME=~"u_ila_0"}]
run_hw_ila [get_hw_ilas -of_objects [get_hw_devices xc7a35t_0] -filter {CELL_NAME=~"u_ila_0"}]
run_hw_ila [get_hw_ilas -of_objects [get_hw_devices xc7a35t_0] -filter {CELL_NAME=~"u_ila_0"}]
run_hw_ila [get_hw_ilas -of_objects [get_hw_devices xc7a35t_0] -filter {CELL_NAME=~"u_ila_0"}]
run_hw_ila [get_hw_ilas -of_objects [get_hw_devices xc7a35t_0] -filter {CELL_NAME=~"u_ila_0"}]
run_hw_ila [get_hw_ilas -of_objects [get_hw_devices xc7a35t_0] -filter {CELL_NAME=~"u_ila_0"}]
run_hw_ila [get_hw_ilas -of_objects [get_hw_devices xc7a35t_0] -filter {CELL_NAME=~"u_ila_0"}]
run_hw_ila [get_hw_ilas -of_objects [get_hw_devices xc7a35t_0] -filter {CELL_NAME=~"u_ila_0"}]
run_hw_ila [get_hw_ilas -of_objects [get_hw_devices xc7a35t_0] -filter {CELL_NAME=~"u_ila_0"}]
run_hw_ila [get_hw_ilas -of_objects [get_hw_devices xc7a35t_0] -filter {CELL_NAME=~"u_ila_0"}]
run_hw_ila [get_hw_ilas -of_objects [get_hw_devices xc7a35t_0] -filter {CELL_NAME=~"u_ila_0"}]
run_hw_ila [get_hw_ilas -of_objects [get_hw_devices xc7a35t_0] -filter {CELL_NAME=~"u_ila_0"}]
run_hw_ila [get_hw_ilas -of_objects [get_hw_devices xc7a35t_0] -filter {CELL_NAME=~"u_ila_0"}]
run_hw_ila [get_hw_ilas -of_objects [get_hw_devices xc7a35t_0] -filter {CELL_NAME=~"u_ila_0"}]
run_hw_ila [get_hw_ilas -of_objects [get_hw_devices xc7a35t_0] -filter {CELL_NAME=~"u_ila_0"}]
run_hw_ila [get_hw_ilas -of_objects [get_hw_devices xc7a35t_0] -filter {CELL_NAME=~"u_ila_0"}]
run_hw_ila [get_hw_ilas -of_objects [get_hw_devices xc7a35t_0] -filter {CELL_NAME=~"u_ila_0"}]
run_hw_ila [get_hw_ilas -of_objects [get_hw_devices xc7a35t_0] -filter {CELL_NAME=~"u_ila_0"}]
run_hw_ila [get_hw_ilas -of_objects [get_hw_devices xc7a35t_0] -filter {CELL_NAME=~"u_ila_0"}]
run_hw_ila [get_hw_ilas -of_objects [get_hw_devices xc7a35t_0] -filter {CELL_NAME=~"u_ila_0"}]
run_hw_ila [get_hw_ilas -of_objects [get_hw_devices xc7a35t_0] -filter {CELL_NAME=~"u_ila_0"}]
set_property PROBES.FILE {C:/Repos/robots/CMOD_A7/I2C QuadratureDecoder/I2C QuadratureDecoder.runs/impl_1/i2c_quad_decode.ltx} [get_hw_devices xc7a35t_0]
set_property FULL_PROBES.FILE {C:/Repos/robots/CMOD_A7/I2C QuadratureDecoder/I2C QuadratureDecoder.runs/impl_1/i2c_quad_decode.ltx} [get_hw_devices xc7a35t_0]
set_property PROGRAM.FILE {C:/Repos/robots/CMOD_A7/I2C QuadratureDecoder/I2C QuadratureDecoder.runs/impl_1/i2c_quad_decode.bit} [get_hw_devices xc7a35t_0]
program_hw_devices [get_hw_devices xc7a35t_0]
refresh_hw_device [lindex [get_hw_devices xc7a35t_0] 0]
save_wave_config {C:/Repos/robots/CMOD_A7/I2C QuadratureDecoder/I2C QuadratureDecoder.hw/hw_1/wave/hw_ila_data_1/hw_ila_data_1.wcfg}
close_hw
reset_run synth_1
launch_runs synth_1 -jobs 2
wait_on_run synth_1
reset_run synth_1
launch_runs synth_1 -jobs 2
wait_on_run synth_1
reset_run synth_1
launch_runs synth_1 -jobs 2
wait_on_run synth_1
reset_run synth_1
launch_runs synth_1 -jobs 2
wait_on_run synth_1
reset_run synth_1
launch_runs synth_1 -jobs 2
wait_on_run synth_1
reset_run synth_1
launch_runs synth_1 -jobs 2
wait_on_run synth_1
launch_runs impl_1 -jobs 2
wait_on_run impl_1
refresh_design
reset_run synth_1
launch_runs synth_1 -jobs 2
wait_on_run synth_1
close_design
open_run synth_1 -name synth_1
refresh_design
reset_run synth_1
launch_runs synth_1 -jobs 2
wait_on_run synth_1
set_property mark_debug true [get_nets [list sclk_IBUF]]
refresh_design
launch_runs impl_1 -jobs 2
wait_on_run impl_1
close_design
open_run impl_1
launch_runs impl_1 -to_step write_bitstream -jobs 2
wait_on_run impl_1
open_hw
connect_hw_server
open_hw_target
set_property PROGRAM.FILE {C:/Repos/robots/CMOD_A7/I2C QuadratureDecoder/I2C QuadratureDecoder.runs/impl_1/i2c_quad_decode.bit} [get_hw_devices xc7a35t_0]
set_property PROBES.FILE {C:/Repos/robots/CMOD_A7/I2C QuadratureDecoder/I2C QuadratureDecoder.runs/impl_1/i2c_quad_decode.ltx} [get_hw_devices xc7a35t_0]
set_property FULL_PROBES.FILE {C:/Repos/robots/CMOD_A7/I2C QuadratureDecoder/I2C QuadratureDecoder.runs/impl_1/i2c_quad_decode.ltx} [get_hw_devices xc7a35t_0]
current_hw_device [get_hw_devices xc7a35t_0]
refresh_hw_device [lindex [get_hw_devices xc7a35t_0] 0]
create_hw_cfgmem -hw_device [get_hw_devices xc7a35t_0] -mem_dev [lindex [get_cfgmem_parts {n25q32-3.3v-spi-x1_x2_x4}] 0]
display_hw_ila_data [ get_hw_ila_data hw_ila_data_1 -of_objects [get_hw_ilas -of_objects [get_hw_devices xc7a35t_0] -filter {CELL_NAME=~"u_ila_0"}]]
run_hw_ila [get_hw_ilas -of_objects [get_hw_devices xc7a35t_0] -filter {CELL_NAME=~"u_ila_0"}] -trigger_now
run_hw_ila [get_hw_ilas -of_objects [get_hw_devices xc7a35t_0] -filter {CELL_NAME=~"u_ila_0"}] -trigger_now
run_hw_ila [get_hw_ilas -of_objects [get_hw_devices xc7a35t_0] -filter {CELL_NAME=~"u_ila_0"}] -trigger_now
run_hw_ila [get_hw_ilas -of_objects [get_hw_devices xc7a35t_0] -filter {CELL_NAME=~"u_ila_0"}]
run_hw_ila [get_hw_ilas -of_objects [get_hw_devices xc7a35t_0] -filter {CELL_NAME=~"u_ila_0"}]
run_hw_ila [get_hw_ilas -of_objects [get_hw_devices xc7a35t_0] -filter {CELL_NAME=~"u_ila_0"}]
run_hw_ila [get_hw_ilas -of_objects [get_hw_devices xc7a35t_0] -filter {CELL_NAME=~"u_ila_0"}] -trigger_now
set_property TRIGGER_COMPARE_VALUE eq1'bX [get_hw_probes XRESET_IBUF -of_objects [get_hw_ilas -of_objects [get_hw_devices xc7a35t_0] -filter {CELL_NAME=~"u_ila_0"}]]
run_hw_ila [get_hw_ilas -of_objects [get_hw_devices xc7a35t_0] -filter {CELL_NAME=~"u_ila_0"}]
run_hw_ila [get_hw_ilas -of_objects [get_hw_devices xc7a35t_0] -filter {CELL_NAME=~"u_ila_0"}] -trigger_now
run_hw_ila [get_hw_ilas -of_objects [get_hw_devices xc7a35t_0] -filter {CELL_NAME=~"u_ila_0"}] -trigger_now
save_wave_config {C:/Repos/robots/CMOD_A7/I2C QuadratureDecoder/I2C QuadratureDecoder.hw/hw_1/wave/hw_ila_data_1/hw_ila_data_1.wcfg}
close_hw
close_design
open_run synth_1 -name synth_1
delete_debug_core [get_debug_cores {u_ila_0 }]
create_debug_core u_ila_0 ila
set_property C_DATA_DEPTH 1024 [get_debug_cores u_ila_0]
set_property C_TRIGIN_EN false [get_debug_cores u_ila_0]
set_property C_TRIGOUT_EN false [get_debug_cores u_ila_0]
set_property C_ADV_TRIGGER false [get_debug_cores u_ila_0]
set_property C_INPUT_PIPE_STAGES 0 [get_debug_cores u_ila_0]
set_property C_EN_STRG_QUAL false [get_debug_cores u_ila_0]
set_property ALL_PROBE_SAME_MU true [get_debug_cores u_ila_0]
set_property ALL_PROBE_SAME_MU_CNT 1 [get_debug_cores u_ila_0]
connect_debug_port u_ila_0/clk [get_nets [list scl_IBUF_BUFG ]]
set_property port_width 4 [get_debug_ports u_ila_0/probe0]
set_property PROBE_TYPE DATA_AND_TRIGGER [get_debug_ports u_ila_0/probe0]
connect_debug_port u_ila_0/probe0 [get_nets [list {i2c/sm_state[0]} {i2c/sm_state[1]} {i2c/sm_state[3]} {i2c/sm_state[4]} ]]
create_debug_port u_ila_0 probe
set_property port_width 1 [get_debug_ports u_ila_0/probe1]
set_property PROBE_TYPE DATA_AND_TRIGGER [get_debug_ports u_ila_0/probe1]
connect_debug_port u_ila_0/probe1 [get_nets [list q1_n_0 ]]
create_debug_port u_ila_0 probe
set_property port_width 1 [get_debug_ports u_ila_0/probe2]
set_property PROBE_TYPE DATA_AND_TRIGGER [get_debug_ports u_ila_0/probe2]
connect_debug_port u_ila_0/probe2 [get_nets [list scl_IBUF ]]
create_debug_port u_ila_0 probe
set_property port_width 1 [get_debug_ports u_ila_0/probe3]
set_property PROBE_TYPE DATA_AND_TRIGGER [get_debug_ports u_ila_0/probe3]
connect_debug_port u_ila_0/probe3 [get_nets [list sda_IBUF ]]
create_debug_port u_ila_0 probe
set_property port_width 1 [get_debug_ports u_ila_0/probe4]
set_property PROBE_TYPE DATA_AND_TRIGGER [get_debug_ports u_ila_0/probe4]
connect_debug_port u_ila_0/probe4 [get_nets [list start ]]
create_debug_port u_ila_0 probe
set_property port_width 1 [get_debug_ports u_ila_0/probe5]
set_property PROBE_TYPE DATA_AND_TRIGGER [get_debug_ports u_ila_0/probe5]
connect_debug_port u_ila_0/probe5 [get_nets [list XRESET_IBUF ]]
save_constraints
reset_run synth_1
launch_runs synth_1 -jobs 2
wait_on_run synth_1
launch_runs impl_1 -jobs 2
wait_on_run impl_1
refresh_design
close_design
open_run impl_1
close_design
open_run synth_1 -name synth_1
delete_debug_core [get_debug_cores {u_ila_0 }]
save_constraints
launch_simulation
open_wave_config {C:/Repos/robots/CMOD_A7/I2C QuadratureDecoder/i2c_peri_tb_behav.wcfg}
source i2c_peri_tb.tcl
close_sim
close_design
launch_simulation
open_wave_config {C:/Repos/robots/CMOD_A7/I2C QuadratureDecoder/i2c_peri_tb_behav.wcfg}
source i2c_peri_tb.tcl
reset_run synth_1
launch_runs synth_1 -jobs 2
wait_on_run synth_1
close_sim
reset_run synth_1
launch_runs synth_1 -jobs 2
wait_on_run synth_1
reset_run synth_1
launch_runs synth_1 -jobs 2
wait_on_run synth_1
reset_run synth_1
